// Jest Snapshot v1, https://goo.gl/fbAQLP

exports[`Search component renders Search 1`] = `
<DocumentFragment>
  <div>
    <label
      data-testid="Search"
    >
      Search
    </label>
    <input
      data-testid="search-input"
      id="text"
      name="text"
      type="text"
      value=""
    />
    <button
      data-testid="search-button"
    >
      Go!
    </button>
  </div>
</DocumentFragment>
`;
