// Jest Snapshot v1, https://goo.gl/fbAQLP

exports[`App component renders NewsSearch 1`] = `
<DocumentFragment>
  <div
    data-testid="display"
  >
    <h1>
      Welcome!
    </h1>
    <div>
      <label
        data-testid="Search"
      >
        Search
      </label>
      <input
        data-testid="search-input"
        id="text"
        name="text"
        type="text"
        value=""
      />
      <button
        data-testid="search-button"
      >
        Go!
      </button>
    </div>
  </div>
</DocumentFragment>
`;
